Computing initial seats per party by the minimum of the number of ballots for the party divided by the quota and the number of candidates for the party

D initial allocation of seats: min(floor(5 / 3), 2) = 1

Remaining ballots: 2

R initial allocation of seats: min(floor(3 / 3), 3) = 1

Remaining ballots: 0

I initial allocation of seats: min(floor(1 / 3), 1) = 0

Remaining ballots: 1

2 / 3 have been allocated. 1 seats remaining

Initial Seat Allocation Results:
+-------+---------------+-------------------+
| Party | Initial Seats | Remaining Ballots |
|-------+---------------+-------------------|
| D     |             1 |                 2 |
|-------+---------------+-------------------|
| R     |             1 |                 0 |
|-------+---------------+-------------------|
| I     |             0 |                 1 |
+-------+---------------+-------------------+

