There are 4 seats remaining, but there are no more candidates to which seats can be distributed

