
Number of Ballots: 21

Number of Seats: 14

Quota: 21 / 14 = 3 / 2 ballots per seat

Grouping by Party:
Party: D
    Foster
    Pike
Party: R
    Deutsch
    Jones
    Borg
Party: I
    Smith

The ballot counts for each party are as follows:
+-------+---------+
| Party | Ballots |
|-------+---------|
| D     |       5 |
|-------+---------|
| R     |      10 |
|-------+---------|
| I     |       6 |
+-------+---------+

Computing initial seats per party by the minimum of the number of ballots for the party divided by the quota and the number of candidates for the party

D initial allocation of seats: min(floor(5 / (3 / 2)), 2) = 2

Remaining ballots: 2

R initial allocation of seats: min(floor(10 / (3 / 2)), 3) = 3

Remaining ballots: 5.5000

I initial allocation of seats: min(floor(6 / (3 / 2)), 1) = 1

Remaining ballots: 4.5000

6 / 14 have been allocated. 8 seats remaining

Initial Seat Allocation Results:
+-------+---------------+-------------------+
| Party | Initial Seats | Remaining Ballots |
|-------+---------------+-------------------|
| D     |             2 |                 2 |
|-------+---------------+-------------------|
| R     |             3 |            5.5000 |
|-------+---------------+-------------------|
| I     |             1 |            4.5000 |
+-------+---------------+-------------------+

There are 8 seats remaining, but there are no more candidates to which seats can be distributed

Final Seat Allocations:
+-------+-------------+
| Party | Final Seats |
|-------+-------------|
| D     |           2 |
|-------+-------------|
| R     |           3 |
|-------+-------------|
| I     |           1 |
+-------+-------------+

+---------+---------+------------------+-------------------+-------------------+-------------+----------------------------+
| Parties | Ballots | First Allocation | Remaining Ballots | Second Allocation | Final Seats | % of Ballots to % of Seats |
|---------+---------+------------------+-------------------+-------------------+-------------+----------------------------|
| D       |       5 |                2 |                 2 |                 0 |           2 |                    24%/14% |
|---------+---------+------------------+-------------------+-------------------+-------------+----------------------------|
| R       |      10 |                3 |            5.5000 |                 0 |           3 |                    48%/21% |
|---------+---------+------------------+-------------------+-------------------+-------------+----------------------------|
| I       |       6 |                1 |            4.5000 |                 0 |           1 |                     29%/7% |
+---------+---------+------------------+-------------------+-------------------+-------------+----------------------------+

Distributing 2 seats for the party D:

From party D's remaining candidates, Foster had the greatest number of votes: 3. As such, Foster will be allocated a seat.
1 seats remaining

From party D's remaining candidates, Pike had the greatest number of votes: 2. As such, Pike will be allocated a seat.
0 seats remaining

Distributing 3 seats for the party R:

From party R's remaining candidates, Deutsch had the greatest number of votes: 5. As such, Deutsch will be allocated a seat.
2 seats remaining

From party R's remaining candidates, Jones had the greatest number of votes: 4. As such, Jones will be allocated a seat.
1 seats remaining

From party R's remaining candidates, Borg had the greatest number of votes: 1. As such, Borg will be allocated a seat.
0 seats remaining

Distributing 1 seats for the party I:

From party I's remaining candidates, Smith had the greatest number of votes: 6. As such, Smith will be allocated a seat.
0 seats remaining

Final Seats:
Foster (D)
Pike (D)
Deutsch (R)
Jones (R)
Borg (R)
Smith (I)
