
Number of Ballots: 9

Number of Seats: 3

Quota: 3 ballots per seat

+---------+---------+------------------+-------------------+-------------------+-------------+----------------------------+
| Parties | Ballots | First Allocation | Remaining Ballots | Second Allocation | Final Seats | % of Ballots to % of Seats |
|---------+---------+------------------+-------------------+-------------------+-------------+----------------------------|
| D       |       5 |                1 |                 2 |                 1 |           2 |                    56%/67% |
|---------+---------+------------------+-------------------+-------------------+-------------+----------------------------|
| R       |       3 |                1 |                 0 |                 0 |           1 |                    33%/33% |
|---------+---------+------------------+-------------------+-------------------+-------------+----------------------------|
| I       |       1 |                0 |                 1 |                 0 |           0 |                     11%/0% |
+---------+---------+------------------+-------------------+-------------------+-------------+----------------------------+

Final Seats:
Foster (D)
Pike (D)
Borg (R)
