Quota: 3 / 2 ballots per seat

There are 8 seats remaining, but there are no more candidates to which seats can be distributed

+---------+---------+------------------+-------------------+-------------------+-------------+----------------------------+
| Parties | Ballots | First Allocation | Remaining Ballots | Second Allocation | Final Seats | % of Ballots to % of Seats |
|---------+---------+------------------+-------------------+-------------------+-------------+----------------------------|
| D       |       5 |                2 |                 2 |                 0 |           2 |                    24%/14% |
|---------+---------+------------------+-------------------+-------------------+-------------+----------------------------|
| R       |      10 |                3 |            5.5000 |                 0 |           3 |                    48%/21% |
|---------+---------+------------------+-------------------+-------------------+-------------+----------------------------|
| I       |       6 |                1 |            4.5000 |                 0 |           1 |                     29%/7% |
+---------+---------+------------------+-------------------+-------------------+-------------+----------------------------+

Final Seats:
Foster (D)
Pike (D)
Deutsch (R)
Jones (R)
Borg (R)
Smith (I)
