+---------+---------+------------------+-------------------+-------------------+-------------+----------------------------+
| Parties | Ballots | First Allocation | Remaining Ballots | Second Allocation | Final Seats | % of Ballots to % of Seats |
|---------+---------+------------------+-------------------+-------------------+-------------+----------------------------|
| D       |       5 |                2 |                 2 |                 0 |           2 |                    56%/67% |
|---------+---------+------------------+-------------------+-------------------+-------------+----------------------------|
| R       |       3 |                1 |                 0 |                 0 |           1 |                    33%/33% |
|---------+---------+------------------+-------------------+-------------------+-------------+----------------------------|
| I       |       1 |                0 |                 1 |                 0 |           0 |                     11%/0% |
+---------+---------+------------------+-------------------+-------------------+-------------+----------------------------+

