Election type: IR

Number of Candidates: 4

Candidates:
Rosen (D)
Kleinberg (R)
Chou (I)
Royce (L)

Number of Ballots: 6

First-choice ballots (excluding candidates with 0 ballots):
Rosen (D): 3 ballots
Chou (I): 2 ballots
Kleinberg (R): 1 ballots

Ballots after Kleinberg (R) was eliminated:
Rosen (D): 4 ballots
Chou (I): 2 ballots

Rosen (D) has received 4/6 ballots, giving them the majority with 66.67% of the ballots
