Election type: IR

Number of Candidates: 4

Candidates:
Rosen (D)
Kleinberg (R)
Chou (I)
Royce (L)

Number of Ballots: 9

Ballot 1's rankings are as follows:
    1 – Rosen (D)
    2 – Chou (I)
    3 – Kleinberg (R)
    4 – Royce (L)
Therefore, ballot 1 goes to Rosen (D)

Ballot 2's rankings are as follows:
    1 – Rosen (D)
    2 – Royce (L)
    3 – Kleinberg (R)
Therefore, ballot 2 goes to Rosen (D)

Ballot 3's rankings are as follows:
    1 – Rosen (D)
    2 – Kleinberg (R)
    3 – Chou (I)
Therefore, ballot 3 goes to Rosen (D)

Ballot 4's rankings are as follows:
    1 – Chou (I)
    2 – Rosen (D)
Therefore, ballot 4 goes to Chou (I)

Ballot 5's rankings are as follows:
    1 – Chou (I)
    2 – Royce (L)
Therefore, ballot 5 goes to Chou (I)

Ballot 6's rankings are as follows:
    1 – Royce (L)
Therefore, ballot 6 goes to Royce (L)

Ballot 7's rankings are as follows:
    1 – Royce (L)
Therefore, ballot 7 goes to Royce (L)

Ballot 8's rankings are as follows:
    1 – Kleinberg (R)
    2 – Rosen (D)
Therefore, ballot 8 goes to Kleinberg (R)

Ballot 9's rankings are as follows:
    1 – Rosen (D)
Therefore, ballot 9 goes to Rosen (D)

First-choice ballots (excluding candidates with 0 ballots):
Rosen (D): 4 ballots
Chou (I): 2 ballots
Royce (L): 2 ballots
Kleinberg (R): 1 ballots

No candidate has a majority. Eliminating the candidate with the lowest ballots: Kleinberg (R)

Ballot 8 has their next choice as candidate Rosen (D). The ballot will be distributed to Rosen (D).

Ballots after Kleinberg (R) was eliminated:
Rosen (D): 5 ballots
Chou (I): 2 ballots
Royce (L): 2 ballots

Rosen (D) has received 5/9 ballots giving them a majority of 55.56% of the ballots. They have therefore won.
