Election type: OPL

Number of Candidates: 6

Candidates:
Pike (D)
Foster (D)
Deutsch (R)
Borg (R)
Jones (R)
Smith (I)

Number of Seats: 3

Number of Ballots: 9

Quota: 3 ballots per seat

+---------+---------+------------------+-------------------+-------------------+-------------+----------------------------+
| Parties | Ballots | First Allocation | Remaining Ballots | Second Allocation | Final Seats | % of Ballots to % of Seats |
|---------+---------+------------------+-------------------+-------------------+-------------+----------------------------|
| R       |       3 |                1 |                 0 |                 0 |           1 |                    33%/33% |
|---------+---------+------------------+-------------------+-------------------+-------------+----------------------------|
| D       |       5 |                1 |                 2 |                 1 |           2 |                    56%/67% |
|---------+---------+------------------+-------------------+-------------------+-------------+----------------------------|
| I       |       1 |                0 |                 1 |                 0 |           0 |                     11%/0% |
+---------+---------+------------------+-------------------+-------------------+-------------+----------------------------+

Final Seats:
Borg (R)
Pike (D)
Foster (D)
