Number of Ballots: 6

First-choice ballots (excluding candidates with 0 ballots):
Rosen (D): 3 ballots
Kleinberg (R): 0 ballots
Chou (I): 2 ballots
Royce (L): 1 ballots

No candidate has a majority. Eliminating the candidate with the lowest ballots: Kleinberg (R)

Kleinberg (R) has no ballots to have distributed.

Ballots after Kleinberg (R) was eliminated:
Rosen (D): 3 ballots
Chou (I): 2 ballots
Royce (L): 1 ballots

No candidate has a majority. Eliminating the candidate with the lowest ballots: Royce (L)

Ballot 6 has their next choice as candidate Rosen (D). The ballot will be distributed to Rosen (D).

Ballots after Royce (L) was eliminated:
Rosen (D): 4 ballots
Chou (I): 2 ballots

Rosen (D) has received 4/6 ballots, giving them the majority with 66.67% of the ballots
